
 ================================================================================ 
BHAPC FULL RANDOM EFFECTS - GSS RE-RUN, FAST SETTINGS
Model: srh ~ lnWt + (1|age_group) + (1|period_4yr) + (1|cohort_4yr)
Settings: adapt_delta=0.95, iter=5000, SEQUENTIAL execution
Started at:  2026-08-13 21:55:18 
================================================================================ 

Detected cores: 64 (will use all for each survey)
Surveys to run: gss 
adapt_delta: 0.95 
iter: 5000 
chains: 4


 ================================================================================ 
RUNNING SURVEYS SEQUENTIALLY (all 64 cores per survey)
Surveys: gss 
================================================================================ 


>>> Starting GSS at 21:55:23 <<<


====================================================================== 
BHAPC FULL RANDOM (FAST): GSS 
Started at: 2026-08-13 21:55:23 
Settings: adapt_delta=0.95, iter=5000, cores=64 
====================================================================== 

--- STEP 1: DATA LOADING & PREPARATION --- 
  Original N: 57,627 
  Final N: 57,627 
Preparing BHAPC data for GSS
  Initial rows: 57,627
  Observed age range: 18 - 89
  Using weight column: wt
  Final rows: 57,627
  Years: 1975-2024
  Periods: 1971, 1975, 1979, 1983, 1987, 1991, 1995, 1999, 2003, 2007, 2011, 2015, 2019, 2023
  Age groups: 15
  Cohorts: 31
  Mean SRH: 2.97
  BHAPC N: 57,627 
  Age groups: 15 
  Periods: 1971, 1975, 1979, 1983, 1987, 1991, 1995, 1999, 2003, 2007, 2011, 2015, 2019, 2023 
  Cohorts: 31 

--- STEP 2: FULL RANDOM EFFECTS BHAPC MODEL (FAST) --- 
  Formula: srh ~ lnWt + (1|age_group) + (1|period_4yr) + (1|cohort_4yr) 
  adapt_delta = 0.95 
  iter = 5000 
  cores = 64 
Fitting BHAPC Full Random Effects model...
  Outcome: srh
  N observations: 57,627
  N age groups: 15
  N periods: 14
  N cohorts: 31
  adapt_delta: 0.95
  iter: 5000
  chains: 4
  cores: 64
  Formula: srh ~ lnWt + (1|age_group) + (1|period_4yr) + (1|cohort_4yr)

SAMPLING FOR MODEL 'continuous' NOW (CHAIN 1).

SAMPLING FOR MODEL 'continuous' NOW (CHAIN 2).

Chain SAMPLING1 FOR MODEL ': continuous
' NOW (CHAIN Chain 13: ).
Gradient evaluation took 0.016228 seconds
Chain 1: 1000 transitions using 10 leapfrog steps per transition would take 162.28 seconds.
Chain 1: Adjust your expectations accordingly!
Chain 1: 
Chain 1: 

SAMPLING FOR MODEL 'continuous' NOW (CHAIN 4).
Chain 2: 
Chain 2: Gradient evaluation took 0.016239 seconds
Chain 2: 1000 transitions using 10 leapfrog steps per transition would take 162.39 seconds.
Chain 2: Adjust your expectations accordingly!
Chain 2: 
Chain 2: 
Chain 3: 
Chain 3: Gradient evaluation took 0.016134 seconds
Chain 3: 1000 transitions using 10 leapfrog steps per transition would take 161.34 seconds.
Chain 3: Adjust your expectations accordingly!
Chain 3: 
Chain 3: 
Chain 4: 
Chain 4: Gradient evaluation took 0.016265 seconds
Chain 4: 1000 transitions using 10 leapfrog steps per transition would take 162.65 seconds.
Chain 4: Adjust your expectations accordingly!
Chain 4: 
Chain 4: 
Chain 1: Iteration:    1 / 5000 [  0%]  (Warmup)
Chain 3: Iteration:    1 / 5000 [  0%]  (Warmup)
Chain 2: Iteration:    1 / 5000 [  0%]  (Warmup)
Chain 4: Iteration:    1 / 5000 [  0%]  (Warmup)
Chain 2: Iteration:  500 / 5000 [ 10%]  (Warmup)
Chain 1: Iteration:  500 / 5000 [ 10%]  (Warmup)
Chain 2: Iteration: 1000 / 5000 [ 20%]  (Warmup)
Chain 1: Iteration: 1000 / 5000 [ 20%]  (Warmup)
Chain 4: Iteration:  500 / 5000 [ 10%]  (Warmup)
Chain 2: Iteration: 1500 / 5000 [ 30%]  (Warmup)
Chain 3: Iteration:  500 / 5000 [ 10%]  (Warmup)
Chain 1: Iteration: 1500 / 5000 [ 30%]  (Warmup)
Chain 4: Iteration: 1000 / 5000 [ 20%]  (Warmup)
Chain 2: Iteration: 2000 / 5000 [ 40%]  (Warmup)
Chain 3: Iteration: 1000 / 5000 [ 20%]  (Warmup)
Chain 1: Iteration: 2000 / 5000 [ 40%]  (Warmup)
Chain 2: Iteration: 2500 / 5000 [ 50%]  (Warmup)
Chain 2: Iteration: 2501 / 5000 [ 50%]  (Sampling)
Chain 4: Iteration: 1500 / 5000 [ 30%]  (Warmup)
Chain 3: Iteration: 1500 / 5000 [ 30%]  (Warmup)
Chain 1: Iteration: 2500 / 5000 [ 50%]  (Warmup)
Chain 1: Iteration: 2501 / 5000 [ 50%]  (Sampling)
Chain 2: Iteration: 3000 / 5000 [ 60%]  (Sampling)
Chain 4: Iteration: 2000 / 5000 [ 40%]  (Warmup)
Chain 3: Iteration: 2000 / 5000 [ 40%]  (Warmup)
Chain 1: Iteration: 3000 / 5000 [ 60%]  (Sampling)
Chain 2: Iteration: 3500 / 5000 [ 70%]  (Sampling)
Chain 1: Iteration: 3500 / 5000 [ 70%]  (Sampling)
Chain 4: Iteration: 2500 / 5000 [ 50%]  (Warmup)
Chain 3: Iteration: 2500 / 5000 [ 50%]  (Warmup)
Chain 3: Iteration: 2501 / 5000 [ 50%]  (Sampling)
Chain 4: Iteration: 2501 / 5000 [ 50%]  (Sampling)
Chain 1: Iteration: 4000 / 5000 [ 80%]  (Sampling)
Chain 2: Iteration: 4000 / 5000 [ 80%]  (Sampling)
Chain 3: Iteration: 3000 / 5000 [ 60%]  (Sampling)
Chain 4: Iteration: 3000 / 5000 [ 60%]  (Sampling)
Chain 1: Iteration: 4500 / 5000 [ 90%]  (Sampling)
Chain 2: Iteration: 4500 / 5000 [ 90%]  (Sampling)
Chain 3: Iteration: 3500 / 5000 [ 70%]  (Sampling)
Chain 1: Iteration: 5000 / 5000 [100%]  (Sampling)
Chain 1: 
Chain 1:  Elapsed Time: 2077.98 seconds (Warm-up)
Chain 1:                1410.52 seconds (Sampling)
Chain 1:                3488.51 seconds (Total)
Chain 1: 
Chain 4: Iteration: 3500 / 5000 [ 70%]  (Sampling)
Chain 2: Iteration: 5000 / 5000 [100%]  (Sampling)
Chain 2: 
Chain 2:  Elapsed Time: 1911.3 seconds (Warm-up)
Chain 2:                1755 seconds (Sampling)
Chain 2:                3666.3 seconds (Total)
Chain 2: 
Chain 3: Iteration: 4000 / 5000 [ 80%]  (Sampling)
Chain 4: Iteration: 4000 / 5000 [ 80%]  (Sampling)
Chain 3: Iteration: 4500 / 5000 [ 90%]  (Sampling)
Chain 4: Iteration: 4500 / 5000 [ 90%]  (Sampling)
Chain 3: Iteration: 5000 / 5000 [100%]  (Sampling)
Chain 3: 
Chain 3:  Elapsed Time: 2704.27 seconds (Warm-up)
Chain 3:                1657.95 seconds (Sampling)
Chain 3:                4362.23 seconds (Total)
Chain 3: 
Chain 4: Iteration: 5000 / 5000 [100%]  (Sampling)
Chain 4: 
Chain 4:  Elapsed Time: 2704.48 seconds (Warm-up)
Chain 4:                2014.4 seconds (Sampling)
Chain 4:                4718.89 seconds (Total)
Chain 4: 
  Model fitting completed in 78.7 minutes
  Model completed in 78.7 minutes 

  Variance Decomposition: 
    cohort_4yr: 0.0156 (2.2%) 
    age_group: 0.0556 (7.7%) 
    period_4yr: 8e-04 (0.1%) 
    Residual: 0.6511 (90%) 
    Total: 0.723 (100%) 

--- STEP 3: EXTRACTING RANDOM EFFECTS --- 
  Saved age group effects (16 groups) 
  Saved period effects (15 periods) 
  Saved cohort effects (32 cohorts) 

--- STEP 4: GENERATING FIGURES --- 
  Saved summary figure 

--- STEP 5: DIAGNOSTICS --- 
  Max Rhat: 1.002 
  Min n_eff: 1380 
  Converged: TRUE 

====================================================================== 
COMPLETE: GSS 
Total time: 78.8 minutes 
Finished at: 2026-08-13 23:14:14 
====================================================================== 

>>> Finished GSS <<<
Warning messages:
1: There was 1 warning in `mutate()`.
ℹ In argument: `period = as.numeric(period)`.
Caused by warning:
! NAs introduced by coercion 
2: There was 1 warning in `mutate()`.
ℹ In argument: `cohort = as.numeric(cohort)`.
Caused by warning:
! NAs introduced by coercion 
3: Removed 1 row containing missing values or values outside the scale range
(`geom_point()`). 
4: Removed 1 row containing missing values or values outside the scale range
(`geom_point()`). 


 ================================================================================ 
ALL SURVEYS COMPLETE
Total time:  1.31  hours
================================================================================ 

Summary:
# A tibble: 6 × 10
  survey status   n_obs elapsed_min max_rhat min_neff converged age_var_pct
  <chr>  <chr>    <int>       <dbl>    <dbl>    <dbl> <lgl>           <dbl>
1 nhanes success  75367       125.      1.00     1650 TRUE              6.4
2 meps   success 199890       831.      1.00     1934 TRUE             12.1
3 nhis   success 199349       911.      1.00     1627 TRUE             15.5
4 cps    success 199605       908.      1.00     2013 TRUE             18.8
5 brfss  success 200034       756.      1.00     1850 TRUE              9.1
6 gss    success  57627        78.8     1.00     1380 TRUE              7.7
# ℹ 2 more variables: period_var_pct <dbl>, cohort_var_pct <dbl>


Outputs saved to: /home/ubuntu/projects/srh/srh-bhapc/output/bhapc_full_random 

--- Creating Cross-Survey Comparison Figures ---
Saved: variance_comparison_all_surveys.png
Saved: age_effects_comparison_all_surveys.png

 ================================================================================ 
BHAPC FULL RANDOM EFFECTS (FAST) COMPLETE
Finished at:  2026-08-13 23:14:16 
================================================================================ 
