
 ================================================================================ 
BHAPC FULL RANDOM EFFECTS - FAST VERSION
Model: srh ~ lnWt + (1|age_group) + (1|period_4yr) + (1|cohort_4yr)
Settings: adapt_delta=0.95, iter=5000, SEQUENTIAL execution
Started at:  2026-02-10 12:01:16 
================================================================================ 

Detected cores: 64 (will use all for each survey)
Surveys to run: nhanes, meps, nhis, cps, brfss 
adapt_delta: 0.95 
iter: 5000 
chains: 4


 ================================================================================ 
RUNNING SURVEYS SEQUENTIALLY (all 64 cores per survey)
Surveys: nhanes, meps, nhis, cps, brfss 
(GSS already completed - skipping)
================================================================================ 


>>> Starting NHANES at 12:01:21 <<<


====================================================================== 
BHAPC FULL RANDOM (FAST): NHANES 
Started at: 2026-02-10 12:01:21 
Settings: adapt_delta=0.95, iter=5000, cores=64 
====================================================================== 

--- STEP 1: DATA LOADING & PREPARATION --- 
  Original N: 76,989 
  Final N: 76,989 
Preparing BHAPC data for NHANES
  Initial rows: 76,989
  Observed age range: 18 - 85
  Using weight column: wt
  Final rows: 75,367
  Years: Inf-2022
  Periods: 1999, 2003, 2007, 2011, 2015, 2019
  Age groups: 14
  Cohorts: 22
  Mean SRH: 3.29
  BHAPC N: 75,367 
  Age groups: 14 
  Periods: 1999, 2003, 2007, 2011, 2015, 2019 
  Cohorts: 22 

--- STEP 2: FULL RANDOM EFFECTS BHAPC MODEL (FAST) --- 
  Formula: srh ~ lnWt + (1|age_group) + (1|period_4yr) + (1|cohort_4yr) 
  adapt_delta = 0.95 
  iter = 5000 
  cores = 64 
Fitting BHAPC Full Random Effects model...
  Outcome: srh
  N observations: 75,367
  N age groups: 14
  N periods: 6
  N cohorts: 22
  adapt_delta: 0.95
  iter: 5000
  chains: 4
  cores: 64
  Formula: srh ~ lnWt + (1|age_group) + (1|period_4yr) + (1|cohort_4yr)

SAMPLING FOR MODEL 'continuous' NOW (CHAIN 1).

SAMPLING FOR MODEL 'continuous' NOW (CHAIN 2).
Chain 1: 
Chain 1: Gradient evaluation took 0.020879 seconds
Chain 1: 1000 transitions using 10 leapfrog steps per transition would take 208.79 seconds.
Chain 1: Adjust your expectations accordingly!
Chain 1: 
Chain 1: 

SAMPLING FOR MODEL 'continuous' NOW (CHAIN 3).
Chain 2: 
Chain 2: Gradient evaluation took 0.020838 seconds
Chain 2: 1000 transitions using 10 leapfrog steps per transition would take 208.38 seconds.
Chain 2: Adjust your expectations accordingly!
Chain 2: 
Chain 2: 

SAMPLING FOR MODEL 'continuous' NOW (CHAIN 4).
Chain 3: 
Chain 3: Gradient evaluation took 0.021055 seconds
Chain 3: 1000 transitions using 10 leapfrog steps per transition would take 210.55 seconds.
Chain 3: Adjust your expectations accordingly!
Chain 3: 
Chain 3: 
Chain 4: 
Chain 4: Gradient evaluation took 0.020837 seconds
Chain 4: 1000 transitions using 10 leapfrog steps per transition would take 208.37 seconds.
Chain 4: Adjust your expectations accordingly!
Chain 4: 
Chain 4: 
Chain 2: Iteration:    1 / 5000 [  0%]  (Warmup)
Chain 1: Iteration:    1 / 5000 [  0%]  (Warmup)
Chain 3: Iteration:    1 / 5000 [  0%]  (Warmup)
Chain 4: Iteration:    1 / 5000 [  0%]  (Warmup)
Chain 3: Iteration:  500 / 5000 [ 10%]  (Warmup)
Chain 4: Iteration:  500 / 5000 [ 10%]  (Warmup)
Chain 1: Iteration:  500 / 5000 [ 10%]  (Warmup)
Chain 2: Iteration:  500 / 5000 [ 10%]  (Warmup)
Chain 3: Iteration: 1000 / 5000 [ 20%]  (Warmup)
Chain 1: Iteration: 1000 / 5000 [ 20%]  (Warmup)
Chain 4: Iteration: 1000 / 5000 [ 20%]  (Warmup)
Chain 2: Iteration: 1000 / 5000 [ 20%]  (Warmup)
Chain 3: Iteration: 1500 / 5000 [ 30%]  (Warmup)
Chain 4: Iteration: 1500 / 5000 [ 30%]  (Warmup)
Chain 1: Iteration: 1500 / 5000 [ 30%]  (Warmup)
Chain 2: Iteration: 1500 / 5000 [ 30%]  (Warmup)
Chain 3: Iteration: 2000 / 5000 [ 40%]  (Warmup)
Chain 4: Iteration: 2000 / 5000 [ 40%]  (Warmup)
Chain 1: Iteration: 2000 / 5000 [ 40%]  (Warmup)
Chain 2: Iteration: 2000 / 5000 [ 40%]  (Warmup)
Chain 3: Iteration: 2500 / 5000 [ 50%]  (Warmup)
Chain 3: Iteration: 2501 / 5000 [ 50%]  (Sampling)
Chain 4: Iteration: 2500 / 5000 [ 50%]  (Warmup)
Chain 4: Iteration: 2501 / 5000 [ 50%]  (Sampling)
Chain 1: Iteration: 2500 / 5000 [ 50%]  (Warmup)
Chain 1: Iteration: 2501 / 5000 [ 50%]  (Sampling)
Chain 2: Iteration: 2500 / 5000 [ 50%]  (Warmup)
Chain 2: Iteration: 2501 / 5000 [ 50%]  (Sampling)
Chain 4: Iteration: 3000 / 5000 [ 60%]  (Sampling)
Chain 3: Iteration: 3000 / 5000 [ 60%]  (Sampling)
Chain 1: Iteration: 3000 / 5000 [ 60%]  (Sampling)
Chain 2: Iteration: 3000 / 5000 [ 60%]  (Sampling)
Chain 4: Iteration: 3500 / 5000 [ 70%]  (Sampling)
Chain 1: Iteration: 3500 / 5000 [ 70%]  (Sampling)
Chain 3: Iteration: 3500 / 5000 [ 70%]  (Sampling)
Chain 2: Iteration: 3500 / 5000 [ 70%]  (Sampling)
Chain 4: Iteration: 4000 / 5000 [ 80%]  (Sampling)
Chain 1: Iteration: 4000 / 5000 [ 80%]  (Sampling)
Chain 3: Iteration: 4000 / 5000 [ 80%]  (Sampling)
Chain 2: Iteration: 4000 / 5000 [ 80%]  (Sampling)
Chain 4: Iteration: 4500 / 5000 [ 90%]  (Sampling)
Chain 1: Iteration: 4500 / 5000 [ 90%]  (Sampling)
Chain 4: Iteration: 5000 / 5000 [100%]  (Sampling)
Chain 4: 
Chain 4:  Elapsed Time: 4031.43 seconds (Warm-up)
Chain 4:                2674.32 seconds (Sampling)
Chain 4:                6705.76 seconds (Total)
Chain 4: 
Chain 3: Iteration: 4500 / 5000 [ 90%]  (Sampling)
Chain 2: Iteration: 4500 / 5000 [ 90%]  (Sampling)
Chain 1: Iteration: 5000 / 5000 [100%]  (Sampling)
Chain 1: 
Chain 1:  Elapsed Time: 4145.41 seconds (Warm-up)
Chain 1:                2957.93 seconds (Sampling)
Chain 1:                7103.34 seconds (Total)
Chain 1: 
Chain 2: Iteration: 5000 / 5000 [100%]  (Sampling)
Chain 2: 
Chain 2:  Elapsed Time: 4352.17 seconds (Warm-up)
Chain 2:                3054.56 seconds (Sampling)
Chain 2:                7406.73 seconds (Total)
Chain 2: 
Chain 3: Iteration: 5000 / 5000 [100%]  (Sampling)
Chain 3: 
Chain 3:  Elapsed Time: 3938.82 seconds (Warm-up)
Chain 3:                3569.2 seconds (Sampling)
Chain 3:                7508.02 seconds (Total)
Chain 3: 
  Model fitting completed in 125.2 minutes
  Model completed in 125.2 minutes 

  Variance Decomposition: 
    cohort_4yr: 0.0033 (0.3%) 
    age_group: 0.0754 (6.4%) 
    period_4yr: 0.0179 (1.5%) 
    Residual: 1.0768 (91.8%) 
    Total: 1.1734 (100%) 

--- STEP 3: EXTRACTING RANDOM EFFECTS --- 
  Saved age group effects (15 groups) 
  Saved period effects (7 periods) 
  Saved cohort effects (23 cohorts) 

--- STEP 4: GENERATING FIGURES --- 
  Saved summary figure 

--- STEP 5: DIAGNOSTICS --- 
  Max Rhat: 1.003 
  Min n_eff: 1650 
  Converged: TRUE 

====================================================================== 
COMPLETE: NHANES 
Total time: 125.3 minutes 
Finished at: 2026-02-10 14:06:42 
====================================================================== 

>>> Finished NHANES <<<

>>> Starting MEPS at 14:06:42 <<<


====================================================================== 
BHAPC FULL RANDOM (FAST): MEPS 
Started at: 2026-02-10 14:06:42 
Settings: adapt_delta=0.95, iter=5000, cores=64 
====================================================================== 

--- STEP 1: DATA LOADING & PREPARATION --- 
  Subsampling MEPS from 464,130 to 2e+05 ...

=== Subsampling Summary ===
  Original n:     464,130
  Target n:       2e+05
  Final n:        200,003
  Sampling frac:  0.4309
  Max |diff| in year proportions: 0.00063
  Weighted mean SRH: original = 3.5991, subsampled = 3.5996
===========================

  Subsampled to: 200,003 rows
  Original N: 464,130 
  Final N: 200,003 
Preparing BHAPC data for MEPS
  Initial rows: 200,003
  Observed age range: 18 - 996
  Using weight column: wt
  Final rows: 199,890
  Years: 2003-2023
  Periods: 1999, 2003, 2007, 2011, 2015, 2019, 2023
  Age groups: 15
  Cohorts: 24
  Mean SRH: 3.5
  BHAPC N: 199,890 
  Age groups: 15 
  Periods: 1999, 2003, 2007, 2011, 2015, 2019, 2023 
  Cohorts: 24 

--- STEP 2: FULL RANDOM EFFECTS BHAPC MODEL (FAST) --- 
  Formula: srh ~ lnWt + (1|age_group) + (1|period_4yr) + (1|cohort_4yr) 
  adapt_delta = 0.95 
  iter = 5000 
  cores = 64 
Fitting BHAPC Full Random Effects model...
  Outcome: srh
  N observations: 199,890
  N age groups: 15
  N periods: 7
  N cohorts: 24
  adapt_delta: 0.95
  iter: 5000
  chains: 4
  cores: 64
  Formula: srh ~ lnWt + (1|age_group) + (1|period_4yr) + (1|cohort_4yr)

SAMPLING FOR MODEL 'continuous' NOW (CHAIN 1).

SAMPLING FOR MODEL 'continuous' NOW (CHAIN 2).

SAMPLING FOR MODEL 'continuous' NOW (CHAIN 3).
Chain 1: 
Chain 1: Gradient evaluation took 0.049854 seconds
Chain 1: 1000 transitions using 10 leapfrog steps per transition would take 498.54 seconds.
Chain 1: Adjust your expectations accordingly!
Chain 1: 
Chain 1: 

SAMPLING FOR MODEL 'continuous' NOW (CHAIN 4).
Chain 2: 
Chain 2: Gradient evaluation took 0.05051 seconds
Chain 2: 1000 transitions using 10 leapfrog steps per transition would take 505.1 seconds.
Chain 2: Adjust your expectations accordingly!
Chain 2: 
Chain 2: 
Chain 3: 
Chain 3: Gradient evaluation took 0.049957 seconds
Chain 3: 1000 transitions using 10 leapfrog steps per transition would take 499.57 seconds.
Chain 3: Adjust your expectations accordingly!
Chain 3: 
Chain 3: 
Chain 4: 
Chain 4: Gradient evaluation took 0.050125 seconds
Chain 4: 1000 transitions using 10 leapfrog steps per transition would take 501.25 seconds.
Chain 4: Adjust your expectations accordingly!
Chain 4: 
Chain 4: 
Chain 1: Iteration:    1 / 5000 [  0%]  (Warmup)
Chain 4: Iteration:    1 / 5000 [  0%]  (Warmup)
Chain 3: Iteration:    1 / 5000 [  0%]  (Warmup)
Chain 2: Iteration:    1 / 5000 [  0%]  (Warmup)
Chain 1: Iteration:  500 / 5000 [ 10%]  (Warmup)
Chain 3: Iteration:  500 / 5000 [ 10%]  (Warmup)
Chain 4: Iteration:  500 / 5000 [ 10%]  (Warmup)
Chain 2: Iteration:  500 / 5000 [ 10%]  (Warmup)
Chain 1: Iteration: 1000 / 5000 [ 20%]  (Warmup)
Chain 3: Iteration: 1000 / 5000 [ 20%]  (Warmup)
Chain 4: Iteration: 1000 / 5000 [ 20%]  (Warmup)
Chain 2: Iteration: 1000 / 5000 [ 20%]  (Warmup)
Chain 1: Iteration: 1500 / 5000 [ 30%]  (Warmup)
Chain 3: Iteration: 1500 / 5000 [ 30%]  (Warmup)
Chain 4: Iteration: 1500 / 5000 [ 30%]  (Warmup)
Chain 2: Iteration: 1500 / 5000 [ 30%]  (Warmup)
Chain 1: Iteration: 2000 / 5000 [ 40%]  (Warmup)
Chain 3: Iteration: 2000 / 5000 [ 40%]  (Warmup)
Chain 4: Iteration: 2000 / 5000 [ 40%]  (Warmup)
Chain 2: Iteration: 2000 / 5000 [ 40%]  (Warmup)
Chain 1: Iteration: 2500 / 5000 [ 50%]  (Warmup)
Chain 1: Iteration: 2501 / 5000 [ 50%]  (Sampling)
Chain 3: Iteration: 2500 / 5000 [ 50%]  (Warmup)
Chain 3: Iteration: 2501 / 5000 [ 50%]  (Sampling)
Chain 4: Iteration: 2500 / 5000 [ 50%]  (Warmup)
Chain 4: Iteration: 2501 / 5000 [ 50%]  (Sampling)
Chain 2: Iteration: 2500 / 5000 [ 50%]  (Warmup)
Chain 2: Iteration: 2501 / 5000 [ 50%]  (Sampling)
Chain 1: Iteration: 3000 / 5000 [ 60%]  (Sampling)
Chain 3: Iteration: 3000 / 5000 [ 60%]  (Sampling)
Chain 2: Iteration: 3000 / 5000 [ 60%]  (Sampling)
Chain 4: Iteration: 3000 / 5000 [ 60%]  (Sampling)
Chain 1: Iteration: 3500 / 5000 [ 70%]  (Sampling)
Chain 2: Iteration: 3500 / 5000 [ 70%]  (Sampling)
Chain 3: Iteration: 3500 / 5000 [ 70%]  (Sampling)
Chain 4: Iteration: 3500 / 5000 [ 70%]  (Sampling)
Chain 1: Iteration: 4000 / 5000 [ 80%]  (Sampling)
Chain 2: Iteration: 4000 / 5000 [ 80%]  (Sampling)
Chain 4: Iteration: 4000 / 5000 [ 80%]  (Sampling)
Chain 3: Iteration: 4000 / 5000 [ 80%]  (Sampling)
Chain 1: Iteration: 4500 / 5000 [ 90%]  (Sampling)
Chain 2: Iteration: 4500 / 5000 [ 90%]  (Sampling)
Chain 1: Iteration: 5000 / 5000 [100%]  (Sampling)
Chain 1: 
Chain 1:  Elapsed Time: 23103.9 seconds (Warm-up)
Chain 1:                20863.1 seconds (Sampling)
Chain 1:                43966.9 seconds (Total)
Chain 1: 
Chain 4: Iteration: 4500 / 5000 [ 90%]  (Sampling)
Chain 3: Iteration: 4500 / 5000 [ 90%]  (Sampling)
Chain 2: Iteration: 5000 / 5000 [100%]  (Sampling)
Chain 2: 
Chain 2:  Elapsed Time: 25933.8 seconds (Warm-up)
Chain 2:                19012.9 seconds (Sampling)
Chain 2:                44946.7 seconds (Total)
Chain 2: 
Chain 4: Iteration: 5000 / 5000 [100%]  (Sampling)
Chain 4: 
Chain 4:  Elapsed Time: 25814.9 seconds (Warm-up)
Chain 4:                22900 seconds (Sampling)
Chain 4:                48714.9 seconds (Total)
Chain 4: 
Chain 3: Iteration: 5000 / 5000 [100%]  (Sampling)
Chain 3: 
Chain 3:  Elapsed Time: 24101.7 seconds (Warm-up)
Chain 3:                25767.4 seconds (Sampling)
Chain 3:                49869.2 seconds (Total)
Chain 3: 
  Model fitting completed in 831.3 minutes
  Model completed in 831.3 minutes 

  Variance Decomposition: 
    cohort_4yr: 0.0187 (1.7%) 
    age_group: 0.1339 (12.1%) 
    period_4yr: 0.0018 (0.2%) 
    Residual: 0.9537 (86.1%) 
    Total: 1.1081 (100%) 

--- STEP 3: EXTRACTING RANDOM EFFECTS --- 
  Saved age group effects (16 groups) 
  Saved period effects (8 periods) 
  Saved cohort effects (25 cohorts) 

--- STEP 4: GENERATING FIGURES --- 
  Saved summary figure 

--- STEP 5: DIAGNOSTICS --- 
  Max Rhat: 1.001 
  Min n_eff: 1934 
  Converged: TRUE 

====================================================================== 
COMPLETE: MEPS 
Total time: 831.4 minutes 
Finished at: 2026-02-11 03:58:12 
====================================================================== 

>>> Finished MEPS <<<

>>> Starting NHIS at 03:58:12 <<<


====================================================================== 
BHAPC FULL RANDOM (FAST): NHIS 
Started at: 2026-02-11 03:58:12 
Settings: adapt_delta=0.95, iter=5000, cores=64 
====================================================================== 

--- STEP 1: DATA LOADING & PREPARATION --- 
  Subsampling NHIS from 2,509,273 to 2e+05 ...

=== Subsampling Summary ===
  Original n:     2,509,273
  Target n:       2e+05
  Final n:        200,370
  Sampling frac:  0.0799
  Max |diff| in year proportions: 0.00117
  Weighted mean SRH: original = 3.7382, subsampled = 3.7352
===========================

  Subsampled to: 200,370 rows
  Original N: 2,509,273 
  Final N: 200,370 
Preparing BHAPC data for NHIS
  Initial rows: 200,370
  Observed age range: 18 - 99
  Using weight column: wt
  Final rows: 199,349
  Years: 1983-2024
  Periods: 1983, 1987, 1991, 1995, 1999, 2003, 2007, 2011, 2015, 2019, 2023
  Age groups: 15
  Cohorts: 28
  Mean SRH: 3.73
  BHAPC N: 199,349 
  Age groups: 15 
  Periods: 1983, 1987, 1991, 1995, 1999, 2003, 2007, 2011, 2015, 2019, 2023 
  Cohorts: 28 

--- STEP 2: FULL RANDOM EFFECTS BHAPC MODEL (FAST) --- 
  Formula: srh ~ lnWt + (1|age_group) + (1|period_4yr) + (1|cohort_4yr) 
  adapt_delta = 0.95 
  iter = 5000 
  cores = 64 
Fitting BHAPC Full Random Effects model...
  Outcome: srh
  N observations: 199,349
  N age groups: 15
  N periods: 11
  N cohorts: 28
  adapt_delta: 0.95
  iter: 5000
  chains: 4
  cores: 64
  Formula: srh ~ lnWt + (1|age_group) + (1|period_4yr) + (1|cohort_4yr)

SAMPLING FOR MODEL 'continuous' NOW (CHAIN 1).

SAMPLING FOR MODEL 'continuous' NOW (CHAIN 2).
Chain 1: 
Chain 1: Gradient evaluation took 0.056555 seconds
Chain 1: 1000 transitions using 10 leapfrog steps per transition would take 565.55 seconds.
Chain 1: Adjust your expectations accordingly!
Chain 1: 
Chain 1: 

SAMPLING FOR MODEL 'continuous' NOW (CHAIN 3).
Chain 2: 
Chain 2: Gradient evaluation took 0.057544 seconds
Chain 2: 1000 transitions using 10 leapfrog steps per transition would take 575.44 seconds.
Chain 2: Adjust your expectations accordingly!
Chain 2: 
Chain 2: 

SAMPLING FOR MODEL 'continuous' NOW (CHAIN 4).
Chain 3: 
Chain 3: Gradient evaluation took 0.056822 seconds
Chain 3: 1000 transitions using 10 leapfrog steps per transition would take 568.22 seconds.
Chain 3: Adjust your expectations accordingly!
Chain 3: 
Chain 3: 
Chain 4: 
Chain 4: Gradient evaluation took 0.057083 seconds
Chain 4: 1000 transitions using 10 leapfrog steps per transition would take 570.83 seconds.
Chain 4: Adjust your expectations accordingly!
Chain 4: 
Chain 4: 
Chain 1: Iteration:    1 / 5000 [  0%]  (Warmup)
Chain 3: Iteration:    1 / 5000 [  0%]  (Warmup)
Chain 4: Iteration:    1 / 5000 [  0%]  (Warmup)
Chain 2: Iteration:    1 / 5000 [  0%]  (Warmup)
Chain 3: Iteration:  500 / 5000 [ 10%]  (Warmup)
Chain 4: Iteration:  500 / 5000 [ 10%]  (Warmup)
Chain 1: Iteration:  500 / 5000 [ 10%]  (Warmup)
Chain 3: Iteration: 1000 / 5000 [ 20%]  (Warmup)
Chain 4: Iteration: 1000 / 5000 [ 20%]  (Warmup)
Chain 1: Iteration: 1000 / 5000 [ 20%]  (Warmup)
Chain 3: Iteration: 1500 / 5000 [ 30%]  (Warmup)
Chain 1: Iteration: 1500 / 5000 [ 30%]  (Warmup)
Chain 2: Iteration:  500 / 5000 [ 10%]  (Warmup)
Chain 4: Iteration: 1500 / 5000 [ 30%]  (Warmup)
Chain 1: Iteration: 2000 / 5000 [ 40%]  (Warmup)
Chain 3: Iteration: 2000 / 5000 [ 40%]  (Warmup)
Chain 2: Iteration: 1000 / 5000 [ 20%]  (Warmup)
Chain 4: Iteration: 2000 / 5000 [ 40%]  (Warmup)
Chain 1: Iteration: 2500 / 5000 [ 50%]  (Warmup)
Chain 1: Iteration: 2501 / 5000 [ 50%]  (Sampling)
Chain 3: Iteration: 2500 / 5000 [ 50%]  (Warmup)
Chain 4: Iteration: 2500 / 5000 [ 50%]  (Warmup)
Chain 4: Iteration: 2501 / 5000 [ 50%]  (Sampling)
Chain 3: Iteration: 2501 / 5000 [ 50%]  (Sampling)
Chain 2: Iteration: 1500 / 5000 [ 30%]  (Warmup)
Chain 1: Iteration: 3000 / 5000 [ 60%]  (Sampling)
Chain 3: Iteration: 3000 / 5000 [ 60%]  (Sampling)
Chain 4: Iteration: 3000 / 5000 [ 60%]  (Sampling)
Chain 2: Iteration: 2000 / 5000 [ 40%]  (Warmup)
Chain 1: Iteration: 3500 / 5000 [ 70%]  (Sampling)
Chain 3: Iteration: 3500 / 5000 [ 70%]  (Sampling)
Chain 4: Iteration: 3500 / 5000 [ 70%]  (Sampling)
Chain 2: Iteration: 2500 / 5000 [ 50%]  (Warmup)
Chain 2: Iteration: 2501 / 5000 [ 50%]  (Sampling)
Chain 1: Iteration: 4000 / 5000 [ 80%]  (Sampling)
Chain 3: Iteration: 4000 / 5000 [ 80%]  (Sampling)
Chain 4: Iteration: 4000 / 5000 [ 80%]  (Sampling)
Chain 2: Iteration: 3000 / 5000 [ 60%]  (Sampling)
Chain 1: Iteration: 4500 / 5000 [ 90%]  (Sampling)
Chain 3: Iteration: 4500 / 5000 [ 90%]  (Sampling)
Chain 4: Iteration: 4500 / 5000 [ 90%]  (Sampling)
Chain 2: Iteration: 3500 / 5000 [ 70%]  (Sampling)
Chain 1: Iteration: 5000 / 5000 [100%]  (Sampling)
Chain 1: 
Chain 1:  Elapsed Time: 23057.2 seconds (Warm-up)
Chain 1:                18759.3 seconds (Sampling)
Chain 1:                41816.4 seconds (Total)
Chain 1: 
Chain 3: Iteration: 5000 / 5000 [100%]  (Sampling)
Chain 3: 
Chain 3:  Elapsed Time: 24292.2 seconds (Warm-up)
Chain 3:                19632.2 seconds (Sampling)
Chain 3:                43924.4 seconds (Total)
Chain 3: 
Chain 4: Iteration: 5000 / 5000 [100%]  (Sampling)
Chain 4: 
Chain 4:  Elapsed Time: 24289.6 seconds (Warm-up)
Chain 4:                20717.1 seconds (Sampling)
Chain 4:                45006.7 seconds (Total)
Chain 4: 
Chain 2: Iteration: 4000 / 5000 [ 80%]  (Sampling)
Chain 2: Iteration: 4500 / 5000 [ 90%]  (Sampling)
Chain 2: Iteration: 5000 / 5000 [100%]  (Sampling)
Chain 2: 
Chain 2:  Elapsed Time: 33401.5 seconds (Warm-up)
Chain 2:                21224 seconds (Sampling)
Chain 2:                54625.4 seconds (Total)
Chain 2: 
  Model fitting completed in 910.5 minutes
  Model completed in 910.5 minutes 

  Variance Decomposition: 
    cohort_4yr: 0.005 (0.4%) 
    age_group: 0.1984 (15.5%) 
    period_4yr: 0.0012 (0.1%) 
    Residual: 1.0732 (84%) 
    Total: 1.2778 (100%) 

--- STEP 3: EXTRACTING RANDOM EFFECTS --- 
  Saved age group effects (16 groups) 
  Saved period effects (12 periods) 
  Saved cohort effects (29 cohorts) 

--- STEP 4: GENERATING FIGURES --- 
  Saved summary figure 

--- STEP 5: DIAGNOSTICS --- 
  Max Rhat: 1.003 
  Min n_eff: 1627 
  Converged: TRUE 

====================================================================== 
COMPLETE: NHIS 
Total time: 910.7 minutes 
Finished at: 2026-02-11 19:09:02 
====================================================================== 

>>> Finished NHIS <<<

>>> Starting CPS at 19:09:02 <<<


====================================================================== 
BHAPC FULL RANDOM (FAST): CPS 
Started at: 2026-02-11 19:09:02 
Settings: adapt_delta=0.95, iter=5000, cores=64 
====================================================================== 

--- STEP 1: DATA LOADING & PREPARATION --- 
  Subsampling CPS from 3,896,528 to 2e+05 ...

=== Subsampling Summary ===
  Original n:     3,896,528
  Target n:       2e+05
  Final n:        200,029
  Sampling frac:  0.0513
  Max |diff| in year proportions: 0.00055
  Weighted mean SRH: original = 3.6655, subsampled = 3.6712
===========================

  Subsampled to: 200,029 rows
  Original N: 3,896,528 
  Final N: 200,029 
Preparing BHAPC data for CPS
  Initial rows: 200,029
  Observed age range: 18 - 90
  Using weight column: wt
  Final rows: 199,605
  Years: 1999-2025
  Periods: 1995, 1999, 2003, 2007, 2011, 2015, 2019, 2023
  Age groups: 15
  Cohorts: 25
  Mean SRH: 3.69
  BHAPC N: 199,605 
  Age groups: 15 
  Periods: 1995, 1999, 2003, 2007, 2011, 2015, 2019, 2023 
  Cohorts: 25 

--- STEP 2: FULL RANDOM EFFECTS BHAPC MODEL (FAST) --- 
  Formula: srh ~ lnWt + (1|age_group) + (1|period_4yr) + (1|cohort_4yr) 
  adapt_delta = 0.95 
  iter = 5000 
  cores = 64 
Fitting BHAPC Full Random Effects model...
  Outcome: srh
  N observations: 199,605
  N age groups: 15
  N periods: 8
  N cohorts: 25
  adapt_delta: 0.95
  iter: 5000
  chains: 4
  cores: 64
  Formula: srh ~ lnWt + (1|age_group) + (1|period_4yr) + (1|cohort_4yr)

SAMPLING FOR MODEL 'continuous' NOW (CHAIN 1).

SAMPLING FOR MODEL 'continuous' NOW (CHAIN 2).

SAMPLING FOR MODEL 'continuous' NOW (CHAIN 3).
Chain 1: 
Chain 1: Gradient evaluation took 0.066943 seconds
Chain 1: 1000 transitions using 10 leapfrog steps per transition would take 669.43 seconds.
Chain 1: Adjust your expectations accordingly!
Chain 1: 
Chain 1: 

SAMPLING FOR MODEL 'continuous' NOW (CHAIN 4).
Chain 2: 
Chain 2: Gradient evaluation took 0.066533 seconds
Chain 2: 1000 transitions using 10 leapfrog steps per transition would take 665.33 seconds.
Chain 2: Adjust your expectations accordingly!
Chain 2: 
Chain 2: 
Chain 3: 
Chain 3: Gradient evaluation took 0.06651 seconds
Chain 3: 1000 transitions using 10 leapfrog steps per transition would take 665.1 seconds.
Chain 3: Adjust your expectations accordingly!
Chain 3: 
Chain 3: 
Chain 4: 
Chain 4: Gradient evaluation took 0.066557 seconds
Chain 4: 1000 transitions using 10 leapfrog steps per transition would take 665.57 seconds.
Chain 4: Adjust your expectations accordingly!
Chain 4: 
Chain 4: 
Chain 3: Iteration:    1 / 5000 [  0%]  (Warmup)
Chain 1: Iteration:    1 / 5000 [  0%]  (Warmup)
Chain 2: Iteration:    1 / 5000 [  0%]  (Warmup)
Chain 4: Iteration:    1 / 5000 [  0%]  (Warmup)
Chain 4: Iteration:  500 / 5000 [ 10%]  (Warmup)
Chain 2: Iteration:  500 / 5000 [ 10%]  (Warmup)
Chain 1: Iteration:  500 / 5000 [ 10%]  (Warmup)
Chain 3: Iteration:  500 / 5000 [ 10%]  (Warmup)
Chain 4: Iteration: 1000 / 5000 [ 20%]  (Warmup)
Chain 2: Iteration: 1000 / 5000 [ 20%]  (Warmup)
Chain 1: Iteration: 1000 / 5000 [ 20%]  (Warmup)
Chain 3: Iteration: 1000 / 5000 [ 20%]  (Warmup)
Chain 4: Iteration: 1500 / 5000 [ 30%]  (Warmup)
Chain 2: Iteration: 1500 / 5000 [ 30%]  (Warmup)
Chain 1: Iteration: 1500 / 5000 [ 30%]  (Warmup)
Chain 3: Iteration: 1500 / 5000 [ 30%]  (Warmup)
Chain 4: Iteration: 2000 / 5000 [ 40%]  (Warmup)
Chain 2: Iteration: 2000 / 5000 [ 40%]  (Warmup)
Chain 1: Iteration: 2000 / 5000 [ 40%]  (Warmup)
Chain 3: Iteration: 2000 / 5000 [ 40%]  (Warmup)
Chain 4: Iteration: 2500 / 5000 [ 50%]  (Warmup)
Chain 4: Iteration: 2501 / 5000 [ 50%]  (Sampling)
Chain 2: Iteration: 2500 / 5000 [ 50%]  (Warmup)
Chain 2: Iteration: 2501 / 5000 [ 50%]  (Sampling)
Chain 1: Iteration: 2500 / 5000 [ 50%]  (Warmup)
Chain 1: Iteration: 2501 / 5000 [ 50%]  (Sampling)
Chain 3: Iteration: 2500 / 5000 [ 50%]  (Warmup)
Chain 3: Iteration: 2501 / 5000 [ 50%]  (Sampling)
Chain 4: Iteration: 3000 / 5000 [ 60%]  (Sampling)
Chain 1: Iteration: 3000 / 5000 [ 60%]  (Sampling)
Chain 2: Iteration: 3000 / 5000 [ 60%]  (Sampling)
Chain 3: Iteration: 3000 / 5000 [ 60%]  (Sampling)
Chain 1: Iteration: 3500 / 5000 [ 70%]  (Sampling)
Chain 4: Iteration: 3500 / 5000 [ 70%]  (Sampling)
Chain 2: Iteration: 3500 / 5000 [ 70%]  (Sampling)
Chain 3: Iteration: 3500 / 5000 [ 70%]  (Sampling)
Chain 1: Iteration: 4000 / 5000 [ 80%]  (Sampling)
Chain 3: Iteration: 4000 / 5000 [ 80%]  (Sampling)
Chain 2: Iteration: 4000 / 5000 [ 80%]  (Sampling)
Chain 4: Iteration: 4000 / 5000 [ 80%]  (Sampling)
Chain 3: Iteration: 4500 / 5000 [ 90%]  (Sampling)
Chain 1: Iteration: 4500 / 5000 [ 90%]  (Sampling)
Chain 2: Iteration: 4500 / 5000 [ 90%]  (Sampling)
Chain 4: Iteration: 4500 / 5000 [ 90%]  (Sampling)
Chain 3: Iteration: 5000 / 5000 [100%]  (Sampling)
Chain 3: 
Chain 3:  Elapsed Time: 28502.4 seconds (Warm-up)
Chain 3:                23750.6 seconds (Sampling)
Chain 3:                52253.1 seconds (Total)
Chain 3: 
Chain 1: Iteration: 5000 / 5000 [100%]  (Sampling)
Chain 1: 
Chain 1:  Elapsed Time: 27091.5 seconds (Warm-up)
Chain 1:                26324.8 seconds (Sampling)
Chain 1:                53416.3 seconds (Total)
Chain 1: 
Chain 2: Iteration: 5000 / 5000 [100%]  (Sampling)
Chain 2: 
Chain 2:  Elapsed Time: 26950.1 seconds (Warm-up)
Chain 2:                26943.7 seconds (Sampling)
Chain 2:                53893.9 seconds (Total)
Chain 2: 
Chain 4: Iteration: 5000 / 5000 [100%]  (Sampling)
Chain 4: 
Chain 4:  Elapsed Time: 26390.7 seconds (Warm-up)
Chain 4:                28081.4 seconds (Sampling)
Chain 4:                54472.1 seconds (Total)
Chain 4: 
  Model fitting completed in 908 minutes
  Model completed in 908 minutes 

  Variance Decomposition: 
    cohort_4yr: 0.0109 (0.8%) 
    age_group: 0.2471 (18.8%) 
    period_4yr: 5e-04 (0%) 
    Residual: 1.0563 (80.3%) 
    Total: 1.3149 (100%) 

--- STEP 3: EXTRACTING RANDOM EFFECTS --- 
  Saved age group effects (16 groups) 
  Saved period effects (9 periods) 
  Saved cohort effects (26 cohorts) 

--- STEP 4: GENERATING FIGURES --- 
  Saved summary figure 

--- STEP 5: DIAGNOSTICS --- 
  Max Rhat: 1.003 
  Min n_eff: 2013 
  Converged: TRUE 

====================================================================== 
COMPLETE: CPS 
Total time: 908.1 minutes 
Finished at: 2026-02-12 10:17:21 
====================================================================== 

>>> Finished CPS <<<

>>> Starting BRFSS at 10:17:21 <<<


====================================================================== 
BHAPC FULL RANDOM (FAST): BRFSS 
Started at: 2026-02-12 10:17:21 
Settings: adapt_delta=0.95, iter=5000, cores=64 
====================================================================== 

--- STEP 1: DATA LOADING & PREPARATION --- 
  Subsampling BRFSS from 10,729,342 to 2e+05 ...

=== Subsampling Summary ===
  Original n:     10,729,342
  Target n:       2e+05
  Final n:        200,034
  Sampling frac:  0.0186
  Max |diff| in year proportions: 0.00147
  Weighted mean SRH: original = 3.5186, subsampled = 3.5106
===========================

  Subsampled to: 200,034 rows
  Original N: 10,729,342 
  Final N: 200,034 
Preparing BHAPC data for BRFSS
  Initial rows: 200,034
  Observed age range: 21 - 89
  Using weight column: wt
  Final rows: 200,034
  Years: 1995-2025
  Periods: 1991, 1995, 1999, 2003, 2007, 2011, 2015, 2019, 2023
  Age groups: 13
  Cohorts: 26
  Mean SRH: 3.45
  BHAPC N: 200,034 
  Age groups: 13 
  Periods: 1991, 1995, 1999, 2003, 2007, 2011, 2015, 2019, 2023 
  Cohorts: 26 

--- STEP 2: FULL RANDOM EFFECTS BHAPC MODEL (FAST) --- 
  Formula: srh ~ lnWt + (1|age_group) + (1|period_4yr) + (1|cohort_4yr) 
  adapt_delta = 0.95 
  iter = 5000 
  cores = 64 
Fitting BHAPC Full Random Effects model...
  Outcome: srh
  N observations: 200,034
  N age groups: 13
  N periods: 9
  N cohorts: 26
  adapt_delta: 0.95
  iter: 5000
  chains: 4
  cores: 64
  Formula: srh ~ lnWt + (1|age_group) + (1|period_4yr) + (1|cohort_4yr)

SAMPLING FOR MODEL 'continuous' NOW (CHAIN 1).

SAMPLING FOR MODEL 'continuous' NOW (CHAIN 2).
Chain 1: 
Chain 1: Gradient evaluation took 0.06505 seconds
Chain 1: 1000 transitions using 10 leapfrog steps per transition would take 650.5 seconds.
Chain 1: Adjust your expectations accordingly!
Chain 1: 
Chain 1: 

SAMPLING FOR MODEL 'continuous' NOW (CHAIN 3).
Chain 2: 
Chain 2: Gradient evaluation took 0.064244 seconds
Chain 2: 1000 transitions using 10 leapfrog steps per transition would take 642.44 seconds.
Chain 2: Adjust your expectations accordingly!
Chain 2: 
Chain 2: 

SAMPLING FOR MODEL 'continuous' NOW (CHAIN 4).
Chain 3: 
Chain 3: Gradient evaluation took 0.065514 seconds
Chain 3: 1000 transitions using 10 leapfrog steps per transition would take 655.14 seconds.
Chain 3: Adjust your expectations accordingly!
Chain 3: 
Chain 3: 
Chain 4: 
Chain 4: Gradient evaluation took 0.0647 seconds
Chain 4: 1000 transitions using 10 leapfrog steps per transition would take 647 seconds.
Chain 4: Adjust your expectations accordingly!
Chain 4: 
Chain 4: 
Chain 3: Iteration:    1 / 5000 [  0%]  (Warmup)
Chain 1: Iteration:    1 / 5000 [  0%]  (Warmup)
Chain 2: Iteration:    1 / 5000 [  0%]  (Warmup)
Chain 4: Iteration:    1 / 5000 [  0%]  (Warmup)
Chain 1: Iteration:  500 / 5000 [ 10%]  (Warmup)
Chain 4: Iteration:  500 / 5000 [ 10%]  (Warmup)
Chain 2: Iteration:  500 / 5000 [ 10%]  (Warmup)
Chain 3: Iteration:  500 / 5000 [ 10%]  (Warmup)
Chain 4: Iteration: 1000 / 5000 [ 20%]  (Warmup)
Chain 1: Iteration: 1000 / 5000 [ 20%]  (Warmup)
Chain 2: Iteration: 1000 / 5000 [ 20%]  (Warmup)
Chain 3: Iteration: 1000 / 5000 [ 20%]  (Warmup)
Chain 4: Iteration: 1500 / 5000 [ 30%]  (Warmup)
Chain 1: Iteration: 1500 / 5000 [ 30%]  (Warmup)
Chain 2: Iteration: 1500 / 5000 [ 30%]  (Warmup)
Chain 3: Iteration: 1500 / 5000 [ 30%]  (Warmup)
Chain 4: Iteration: 2000 / 5000 [ 40%]  (Warmup)
Chain 1: Iteration: 2000 / 5000 [ 40%]  (Warmup)
Chain 2: Iteration: 2000 / 5000 [ 40%]  (Warmup)
Chain 3: Iteration: 2000 / 5000 [ 40%]  (Warmup)
Chain 4: Iteration: 2500 / 5000 [ 50%]  (Warmup)
Chain 4: Iteration: 2501 / 5000 [ 50%]  (Sampling)
Chain 3: Iteration: 2500 / 5000 [ 50%]  (Warmup)
Chain 3: Iteration: 2501 / 5000 [ 50%]  (Sampling)
Chain 2: Iteration: 2500 / 5000 [ 50%]  (Warmup)
Chain 2: Iteration: 2501 / 5000 [ 50%]  (Sampling)
Chain 1: Iteration: 2500 / 5000 [ 50%]  (Warmup)
Chain 1: Iteration: 2501 / 5000 [ 50%]  (Sampling)
Chain 4: Iteration: 3000 / 5000 [ 60%]  (Sampling)
Chain 3: Iteration: 3000 / 5000 [ 60%]  (Sampling)
Chain 1: Iteration: 3000 / 5000 [ 60%]  (Sampling)
Chain 2: Iteration: 3000 / 5000 [ 60%]  (Sampling)
Chain 4: Iteration: 3500 / 5000 [ 70%]  (Sampling)
Chain 3: Iteration: 3500 / 5000 [ 70%]  (Sampling)
Chain 1: Iteration: 3500 / 5000 [ 70%]  (Sampling)
Chain 2: Iteration: 3500 / 5000 [ 70%]  (Sampling)
Chain 3: Iteration: 4000 / 5000 [ 80%]  (Sampling)
Chain 4: Iteration: 4000 / 5000 [ 80%]  (Sampling)
Chain 1: Iteration: 4000 / 5000 [ 80%]  (Sampling)
Chain 2: Iteration: 4000 / 5000 [ 80%]  (Sampling)
Chain 3: Iteration: 4500 / 5000 [ 90%]  (Sampling)
Chain 4: Iteration: 4500 / 5000 [ 90%]  (Sampling)
Chain 1: Iteration: 4500 / 5000 [ 90%]  (Sampling)
Chain 2: Iteration: 4500 / 5000 [ 90%]  (Sampling)
Chain 3: Iteration: 5000 / 5000 [100%]  (Sampling)
Chain 3: 
Chain 3:  Elapsed Time: 25489 seconds (Warm-up)
Chain 3:                18641.5 seconds (Sampling)
Chain 3:                44130.4 seconds (Total)
Chain 3: 
Chain 1: Iteration: 5000 / 5000 [100%]  (Sampling)
Chain 4: Iteration: 5000 / 5000 [100%]  (Sampling)
Chain 1: 
Chain 1:  Elapsed Time: 25606.5 seconds (Warm-up)
Chain 1:                19727.1 seconds (Sampling)
Chain 1:                45333.6 seconds (Total)
Chain 1: 
Chain 4: 
Chain 4:  Elapsed Time: 23217.3 seconds (Warm-up)
Chain 4:                22119.4 seconds (Sampling)
Chain 4:                45336.7 seconds (Total)
Chain 4: 
Chain 2: Iteration: 5000 / 5000 [100%]  (Sampling)
Chain 2: 
Chain 2:  Elapsed Time: 25554.5 seconds (Warm-up)
Chain 2:                19814.1 seconds (Sampling)
Chain 2:                45368.7 seconds (Total)
Chain 2: 
  Model fitting completed in 756.2 minutes
  Model completed in 756.2 minutes 

  Variance Decomposition: 
    cohort_4yr: 0.0215 (1.7%) 
    age_group: 0.1162 (9.1%) 
    period_4yr: 0.0025 (0.2%) 
    Residual: 1.1402 (89%) 
    Total: 1.2804 (100%) 

--- STEP 3: EXTRACTING RANDOM EFFECTS --- 
  Saved age group effects (14 groups) 
  Saved period effects (10 periods) 
  Saved cohort effects (27 cohorts) 

--- STEP 4: GENERATING FIGURES --- 
  Saved summary figure 

--- STEP 5: DIAGNOSTICS --- 
  Max Rhat: 1.002 
  Min n_eff: 1850 
  Converged: TRUE 

====================================================================== 
COMPLETE: BRFSS 
Total time: 756.4 minutes 
Finished at: 2026-02-12 22:54:17 
====================================================================== 

>>> Finished BRFSS <<<
There were 21 warnings (use warnings() to see them)


 ================================================================================ 
ALL SURVEYS COMPLETE
Total time:  58.88  hours
================================================================================ 

Summary:
# A tibble: 6 × 10
  survey status        n_obs elapsed_min max_rhat min_neff converged age_var_pct
  <chr>  <chr>         <dbl>       <dbl>    <dbl>    <dbl> <lgl>           <dbl>
1 nhanes success       75367        125.     1.00     1650 TRUE              6.4
2 meps   success      199890        831.     1.00     1934 TRUE             12.1
3 nhis   success      199349        911.     1.00     1627 TRUE             15.5
4 cps    success      199605        908.     1.00     2013 TRUE             18.8
5 brfss  success      200034        756.     1.00     1850 TRUE              9.1
6 gss    success (pr…  57627        807.    NA          NA TRUE              7.7
# ℹ 2 more variables: period_var_pct <dbl>, cohort_var_pct <dbl>


Outputs saved to: /home/ubuntu/projects/srh/srh-bhapc/output/bhapc_full_random 

--- Creating Cross-Survey Comparison Figures ---
Saved: variance_comparison_all_surveys.png
Saved: age_effects_comparison_all_surveys.png

 ================================================================================ 
BHAPC FULL RANDOM EFFECTS (FAST) COMPLETE
Finished at:  2026-02-12 22:54:18 
================================================================================ 
